// Jest Snapshot v1, https://goo.gl/fbAQLP

exports[`Snapshot Tests ThemeToggle component matches snapshot 1`] = `
<div>
  <button
    style="position: fixed; bottom: 20px; right: 20px; width: 50px; height: 50px; border-radius: 50%; background-color: rgb(51, 51, 51); color: rgb(255, 255, 255); cursor: pointer; display: flex; align-items: center; justify-content: center; box-shadow: 0 2px 10px rgba(0, 0, 0, 0.2); transition: all 0.3s ease; z-index: 1000;"
  >
    <svg
      fill="currentColor"
      height="24"
      stroke="currentColor"
      stroke-width="0"
      viewBox="0 0 512 512"
      width="24"
      xmlns="http://www.w3.org/2000/svg"
    >
      <path
        d="M283.211 512c78.962 0 151.079-35.925 198.857-94.792 7.068-8.708-.639-21.43-11.562-19.35-124.203 23.654-238.262-71.576-238.262-196.954 0-72.222 38.662-138.635 101.498-174.394 9.686-5.512 7.25-20.197-3.756-22.23A258.156 258.156 0 0 0 283.211 0c-141.309 0-256 114.511-256 256 0 141.309 114.511 256 256 256z"
      />
    </svg>
  </button>
</div>
`;
